[backblue.gif]
[fade.gif]
[index.html]
[geropotamos-oikistiki.gr/js/jquery.easing-1.3.min.js]
[geropotamos-oikistiki.gr/js/tooltip.js]
[geropotamos-oikistiki.gr/js/superfish.js]
[geropotamos-oikistiki.gr/js/tinynav.min.js]
[geropotamos-oikistiki.gr/js/camera.min.js]
[geropotamos-oikistiki.gr/js/jquery.mobile.customized.min.js]
[geropotamos-oikistiki.gr/js/jquery.fancyboxe45f.js]
[geropotamos-oikistiki.gr/js/jquery.fancybox-media2c70.js]
[geropotamos-oikistiki.gr/js/jquery.ui.totop.min.js]
[geropotamos-oikistiki.gr/js/ddaccordion.js]
[geropotamos-oikistiki.gr/js/jquery.twitter.js]
[geropotamos-oikistiki.gr/js/faq-functions.js]
[geropotamos-oikistiki.gr/images/icons/icon23.png]
[geropotamos-oikistiki.gr/images/icons/icon325.png]
[geropotamos-oikistiki.gr/images/icons/icon231.png]
[geropotamos-oikistiki.gr/index.html]
[geropotamos-oikistiki.gr/images/quote.png]
[geropotamos-oikistiki.gr/images/list-star.png]
[geropotamos-oikistiki.gr/images/list-greenarw.png]
[geropotamos-oikistiki.gr/images/list-check.png]
[geropotamos-oikistiki.gr/images/list-cross.png]
[geropotamos-oikistiki.gr/images/list-gear.png]
[geropotamos-oikistiki.gr/images/list-info.png]
[geropotamos-oikistiki.gr/images/list-warning.png]
[geropotamos-oikistiki.gr/images/list-pen.png]
[geropotamos-oikistiki.gr/images/list-arrow.png]
[geropotamos-oikistiki.gr/images/list-arrow2.png]
[geropotamos-oikistiki.gr/images/ui.totop.png]
[geropotamos-oikistiki.gr/images/dropcap-circle.png]
[geropotamos-oikistiki.gr/images/dropcap-square.png]
[geropotamos-oikistiki.gr/images/pre_bg.gif]
[geropotamos-oikistiki.gr/images/testi-bgbox.jpg]
[geropotamos-oikistiki.gr/css/base.css]
[geropotamos-oikistiki.gr/css/framework.css]
[geropotamos-oikistiki.gr/css/style.css]
[geropotamos-oikistiki.gr/css/media.css]
[geropotamos-oikistiki.gr/css/noscript.css]
[geropotamos-oikistiki.gr/index1b89.html]
[geropotamos-oikistiki.gr/market/index1b89.html]
[geropotamos-oikistiki.gr/market/listf289.html]
[geropotamos-oikistiki.gr/articles/liste7d3.html]
[geropotamos-oikistiki.gr/media/gallery1b89.html]
[geropotamos-oikistiki.gr/contact/index1b89.html]
[geropotamos-oikistiki.gr/articles/list7256.html]
[geropotamos-oikistiki.gr/media/gallery.html]
[geropotamos-oikistiki.gr/contact/index.html]
[geropotamos-oikistiki.gr/profile/index.html]
[geropotamos-oikistiki.gr/images/btn-arrow.html]
[geropotamos-oikistiki.gr/images/testi-baloon.png]
[geropotamos-oikistiki.gr/images/fancybox_sprite.png]
[geropotamos-oikistiki.gr/images/loading_lightbox.gif]
[geropotamos-oikistiki.gr/images/blank.gif]
[geropotamos-oikistiki.gr/images/fancy_overlay.png]
[geropotamos-oikistiki.gr/images/loading_slideshow.gif]
[geropotamos-oikistiki.gr/images/camera_skins.png]
[geropotamos-oikistiki.gr/images/slideshow/slide-overlay.png]
[geropotamos-oikistiki.gr/images/search_btn.png]
[geropotamos-oikistiki.gr/images/link-zoom.png]
[geropotamos-oikistiki.gr/images/link-url.png]
[geropotamos-oikistiki.gr/images/link-video.png]
[geropotamos-oikistiki.gr/images/link-more.png]
[geropotamos-oikistiki.gr/images/more_arrow.png]
[geropotamos-oikistiki.gr/images/carousel_nav.png]
[geropotamos-oikistiki.gr/images/pagetitle_star.png]
[geropotamos-oikistiki.gr/images/breadcrumb_line.png]
[geropotamos-oikistiki.gr/images/featured_icon.png]
[geropotamos-oikistiki.gr/images/icon-author.png]
[geropotamos-oikistiki.gr/images/icon-tag.png]
[geropotamos-oikistiki.gr/images/icon-comment.png]
[geropotamos-oikistiki.gr/images/logo_dg.png]
[geropotamos-oikistiki.gr/images/loading_tweet.gif]
[geropotamos-oikistiki.gr/images/slideshow/bg_metro_blue.jpg]
[geropotamos-oikistiki.gr/images/sample_images/noscript_map.jpg]
[geropotamos-oikistiki.gr/js/jquery.flexslider-min.js]
[geropotamos-oikistiki.gr/articles/index1b89.php]
[geropotamos-oikistiki.gr/profile/index1b89.php]
[geropotamos-oikistiki.gr/images/breadcrumb_home.png]
[geropotamos-oikistiki.gr/market/articles/liste7d3.php]
[geropotamos-oikistiki.gr/js/jquery.isotope.min.js]
[geropotamos-oikistiki.gr/css/custom.css]
[geropotamos-oikistiki.gr/js/contact-form.js]
[geropotamos-oikistiki.gr/js/jquery.googlemaps1.01.js]
[geropotamos-oikistiki.gr/images/icons/icon123.png]
[geropotamos-oikistiki.gr/images/icons/icon108.png]
[geropotamos-oikistiki.gr/images/sample_images/about.png]
